// Jest Snapshot v1, https://goo.gl/fbAQLP

exports[`<FeedPage /> renders correctly 1`] = `
<div
  className="makeStyles-root-1"
>
  <header
    className="MuiPaper-root MuiAppBar-root MuiAppBar-positionStatic MuiAppBar-colorPrimary MuiPaper-elevation4"
  >
    <div
      className="MuiToolbar-root MuiToolbar-regular MuiToolbar-gutters"
    >
      <a
        aria-disabled={false}
        className="MuiButtonBase-root MuiIconButton-root makeStyles-homeButton-5 MuiIconButton-colorInherit"
        href="/"
        onBlur={[Function]}
        onClick={[Function]}
        onDragLeave={[Function]}
        onFocus={[Function]}
        onKeyDown={[Function]}
        onKeyUp={[Function]}
        onMouseDown={[Function]}
        onMouseLeave={[Function]}
        onMouseUp={[Function]}
        onTouchEnd={[Function]}
        onTouchMove={[Function]}
        onTouchStart={[Function]}
        role="button"
        tabIndex={0}
      >
        <span
          className="MuiIconButton-label"
        >
          <svg
            aria-hidden="true"
            className="MuiSvgIcon-root"
            focusable="false"
            role="presentation"
            viewBox="0 0 24 24"
          >
            <path
              d="M10 20v-6h4v6h5v-8h3L12 3 2 12h3v8z"
            />
          </svg>
        </span>
      </a>
      <h6
        className="MuiTypography-root MuiTypography-h6"
      >
        Feedr
      </h6>
    </div>
  </header>
  <div
    className="MuiContainer-root makeStyles-container-2 MuiContainer-maxWidthLg"
  >
    <div
      className="MuiPaper-root makeStyles-paperContainer-3 MuiPaper-elevation1"
    >
      <div
        className="MuiGrid-root MuiGrid-container MuiGrid-spacing-xs-3 MuiGrid-direction-xs-column"
      >
        <div
          className="MuiGrid-root makeStyles-item-4 MuiGrid-item"
        >
          <div
            className="MuiPaper-root MuiPaper-elevation1"
          >
            <p
              className="MuiTypography-root MuiTypography-body1"
            >
              item 1
            </p>
            <div
              className="MuiPaper-root MuiCard-root makeStyles-root-211 MuiPaper-elevation1 MuiPaper-rounded"
            >
              <div
                className="MuiCardHeader-root"
              >
                <div
                  className="MuiCardHeader-avatar"
                >
                  <div
                    className="MuiAvatar-root MuiAvatar-circle makeStyles-avatar-215"
                  >
                    <img
                      alt="John Smith"
                      className="MuiAvatar-img"
                      src="http://2.bp.blogspot.com/-8ms4E7aH4w8/UMztXOsniqI/AAAAAAAAIW0/qql0GcspDzs/s1600/2298.jpg"
                    />
                  </div>
                </div>
                <div
                  className="MuiCardHeader-content"
                >
                  <span
                    className="MuiTypography-root MuiCardHeader-title MuiTypography-body2 MuiTypography-displayBlock"
                  >
                    What was normal to have in 2010 but not 2020?
                  </span>
                  <span
                    className="MuiTypography-root MuiCardHeader-subheader MuiTypography-body2 MuiTypography-colorTextSecondary MuiTypography-displayBlock"
                  >
                    John Smith - 10 mins ago
                  </span>
                </div>
                <div
                  className="MuiCardHeader-action"
                >
                  <button
                    aria-label="settings"
                    className="MuiButtonBase-root MuiIconButton-root"
                    disabled={false}
                    onBlur={[Function]}
                    onDragLeave={[Function]}
                    onFocus={[Function]}
                    onKeyDown={[Function]}
                    onKeyUp={[Function]}
                    onMouseDown={[Function]}
                    onMouseLeave={[Function]}
                    onMouseUp={[Function]}
                    onTouchEnd={[Function]}
                    onTouchMove={[Function]}
                    onTouchStart={[Function]}
                    tabIndex={0}
                    type="button"
                  >
                    <span
                      className="MuiIconButton-label"
                    >
                      <svg
                        aria-hidden="true"
                        className="MuiSvgIcon-root"
                        focusable="false"
                        role="presentation"
                        viewBox="0 0 24 24"
                      >
                        <path
                          d="M12 8c1.1 0 2-.9 2-2s-.9-2-2-2-2 .9-2 2 .9 2 2 2zm0 2c-1.1 0-2 .9-2 2s.9 2 2 2 2-.9 2-2-.9-2-2-2zm0 6c-1.1 0-2 .9-2 2s.9 2 2 2 2-.9 2-2-.9-2-2-2z"
                        />
                      </svg>
                    </span>
                  </button>
                </div>
              </div>
              <div
                className="MuiCardMedia-root makeStyles-media-212"
                style={
                  Object {
                    "backgroundImage": "url(\\"https://images.techhive.com/images/article/2015/11/old_nokia_phones-100625503-large.jpg\\")",
                  }
                }
              />
              <div
                className="MuiCardContent-root"
              >
                <p
                  className="MuiTypography-root MuiTypography-body2 MuiTypography-colorTextSecondary"
                >
                  Top comment: Cellphone with a physical keyboard.
                </p>
              </div>
              <div
                className="MuiCardActions-root"
                style={
                  Object {
                    "backgroundColor": "#FF4500",
                  }
                }
              >
                <img
                  src="reddit-icon.svg"
                />
              </div>
            </div>
            <div
              className="MuiPaper-root MuiCard-root makeStyles-root-211 MuiPaper-elevation1 MuiPaper-rounded"
            >
              <div
                className="MuiCardHeader-root"
              >
                <div
                  className="MuiCardHeader-avatar"
                >
                  <div
                    className="MuiAvatar-root MuiAvatar-circle makeStyles-avatar-215"
                  >
                    <img
                      alt="Donald Duck"
                      className="MuiAvatar-img"
                      src="http://2.bp.blogspot.com/-8ms4E7aH4w8/UMztXOsniqI/AAAAAAAAIW0/qql0GcspDzs/s1600/2298.jpg"
                    />
                  </div>
                </div>
                <div
                  className="MuiCardHeader-content"
                >
                  <span
                    className="MuiTypography-root MuiCardHeader-title MuiTypography-body2 MuiTypography-displayBlock"
                  >
                    Donald J. Trump
                  </span>
                  <span
                    className="MuiTypography-root MuiCardHeader-subheader MuiTypography-body2 MuiTypography-colorTextSecondary MuiTypography-displayBlock"
                  >
                    Donald Duck - 4 hours ago
                  </span>
                </div>
                <div
                  className="MuiCardHeader-action"
                >
                  <button
                    aria-label="settings"
                    className="MuiButtonBase-root MuiIconButton-root"
                    disabled={false}
                    onBlur={[Function]}
                    onDragLeave={[Function]}
                    onFocus={[Function]}
                    onKeyDown={[Function]}
                    onKeyUp={[Function]}
                    onMouseDown={[Function]}
                    onMouseLeave={[Function]}
                    onMouseUp={[Function]}
                    onTouchEnd={[Function]}
                    onTouchMove={[Function]}
                    onTouchStart={[Function]}
                    tabIndex={0}
                    type="button"
                  >
                    <span
                      className="MuiIconButton-label"
                    >
                      <svg
                        aria-hidden="true"
                        className="MuiSvgIcon-root"
                        focusable="false"
                        role="presentation"
                        viewBox="0 0 24 24"
                      >
                        <path
                          d="M12 8c1.1 0 2-.9 2-2s-.9-2-2-2-2 .9-2 2 .9 2 2 2zm0 2c-1.1 0-2 .9-2 2s.9 2 2 2 2-.9 2-2-.9-2-2-2zm0 6c-1.1 0-2 .9-2 2s.9 2 2 2 2-.9 2-2-.9-2-2-2z"
                        />
                      </svg>
                    </span>
                  </button>
                </div>
              </div>
              <div
                className="MuiCardMedia-root makeStyles-media-212"
                style={
                  Object {
                    "backgroundImage": "url(\\"https://www.motherjones.com/wp-content/uploads/2020/03/trump-coronavirus-3-11-20.jpg?w=990\\")",
                  }
                }
              />
              <div
                className="MuiCardContent-root"
              >
                <p
                  className="MuiTypography-root MuiTypography-body2 MuiTypography-colorTextSecondary"
                >
                  Hoping to get the payroll tax cut approved by both Republicans and Democrats, and please remember, very important for all countries & businesses to know that trade will in no way be affected by the 30-day restriction on travel from Europe. The restriction stops people not goods.
                </p>
              </div>
              <div
                className="MuiCardActions-root"
                style={
                  Object {
                    "backgroundColor": "#05ACF0",
                  }
                }
              >
                <img
                  src="twitter-icon.svg"
                />
              </div>
            </div>
          </div>
        </div>
        <div
          className="MuiGrid-root makeStyles-item-4 MuiGrid-item"
        >
          <div
            className="MuiPaper-root MuiPaper-elevation1"
          >
            <p
              className="MuiTypography-root MuiTypography-body1"
            >
              item 2
            </p>
            <div
              className="MuiPaper-root MuiCard-root makeStyles-root-211 MuiPaper-elevation1 MuiPaper-rounded"
            >
              <div
                className="MuiCardHeader-root"
              >
                <div
                  className="MuiCardHeader-avatar"
                >
                  <div
                    className="MuiAvatar-root MuiAvatar-circle makeStyles-avatar-215"
                  >
                    <img
                      alt="John Smith"
                      className="MuiAvatar-img"
                      src="http://2.bp.blogspot.com/-8ms4E7aH4w8/UMztXOsniqI/AAAAAAAAIW0/qql0GcspDzs/s1600/2298.jpg"
                    />
                  </div>
                </div>
                <div
                  className="MuiCardHeader-content"
                >
                  <span
                    className="MuiTypography-root MuiCardHeader-title MuiTypography-body2 MuiTypography-displayBlock"
                  >
                    What was normal to have in 2010 but not 2020?
                  </span>
                  <span
                    className="MuiTypography-root MuiCardHeader-subheader MuiTypography-body2 MuiTypography-colorTextSecondary MuiTypography-displayBlock"
                  >
                    John Smith - 10 mins ago
                  </span>
                </div>
                <div
                  className="MuiCardHeader-action"
                >
                  <button
                    aria-label="settings"
                    className="MuiButtonBase-root MuiIconButton-root"
                    disabled={false}
                    onBlur={[Function]}
                    onDragLeave={[Function]}
                    onFocus={[Function]}
                    onKeyDown={[Function]}
                    onKeyUp={[Function]}
                    onMouseDown={[Function]}
                    onMouseLeave={[Function]}
                    onMouseUp={[Function]}
                    onTouchEnd={[Function]}
                    onTouchMove={[Function]}
                    onTouchStart={[Function]}
                    tabIndex={0}
                    type="button"
                  >
                    <span
                      className="MuiIconButton-label"
                    >
                      <svg
                        aria-hidden="true"
                        className="MuiSvgIcon-root"
                        focusable="false"
                        role="presentation"
                        viewBox="0 0 24 24"
                      >
                        <path
                          d="M12 8c1.1 0 2-.9 2-2s-.9-2-2-2-2 .9-2 2 .9 2 2 2zm0 2c-1.1 0-2 .9-2 2s.9 2 2 2 2-.9 2-2-.9-2-2-2zm0 6c-1.1 0-2 .9-2 2s.9 2 2 2 2-.9 2-2-.9-2-2-2z"
                        />
                      </svg>
                    </span>
                  </button>
                </div>
              </div>
              <div
                className="MuiCardMedia-root makeStyles-media-212"
                style={
                  Object {
                    "backgroundImage": "url(\\"https://images.techhive.com/images/article/2015/11/old_nokia_phones-100625503-large.jpg\\")",
                  }
                }
              />
              <div
                className="MuiCardContent-root"
              >
                <p
                  className="MuiTypography-root MuiTypography-body2 MuiTypography-colorTextSecondary"
                >
                  Top comment: Cellphone with a physical keyboard.
                </p>
              </div>
              <div
                className="MuiCardActions-root"
                style={
                  Object {
                    "backgroundColor": "#FF4500",
                  }
                }
              >
                <img
                  src="reddit-icon.svg"
                />
              </div>
            </div>
            <div
              className="MuiPaper-root MuiCard-root makeStyles-root-211 MuiPaper-elevation1 MuiPaper-rounded"
            >
              <div
                className="MuiCardHeader-root"
              >
                <div
                  className="MuiCardHeader-avatar"
                >
                  <div
                    className="MuiAvatar-root MuiAvatar-circle makeStyles-avatar-215"
                  >
                    <img
                      alt="Donald Duck"
                      className="MuiAvatar-img"
                      src="http://2.bp.blogspot.com/-8ms4E7aH4w8/UMztXOsniqI/AAAAAAAAIW0/qql0GcspDzs/s1600/2298.jpg"
                    />
                  </div>
                </div>
                <div
                  className="MuiCardHeader-content"
                >
                  <span
                    className="MuiTypography-root MuiCardHeader-title MuiTypography-body2 MuiTypography-displayBlock"
                  >
                    Donald J. Trump
                  </span>
                  <span
                    className="MuiTypography-root MuiCardHeader-subheader MuiTypography-body2 MuiTypography-colorTextSecondary MuiTypography-displayBlock"
                  >
                    Donald Duck - 4 hours ago
                  </span>
                </div>
                <div
                  className="MuiCardHeader-action"
                >
                  <button
                    aria-label="settings"
                    className="MuiButtonBase-root MuiIconButton-root"
                    disabled={false}
                    onBlur={[Function]}
                    onDragLeave={[Function]}
                    onFocus={[Function]}
                    onKeyDown={[Function]}
                    onKeyUp={[Function]}
                    onMouseDown={[Function]}
                    onMouseLeave={[Function]}
                    onMouseUp={[Function]}
                    onTouchEnd={[Function]}
                    onTouchMove={[Function]}
                    onTouchStart={[Function]}
                    tabIndex={0}
                    type="button"
                  >
                    <span
                      className="MuiIconButton-label"
                    >
                      <svg
                        aria-hidden="true"
                        className="MuiSvgIcon-root"
                        focusable="false"
                        role="presentation"
                        viewBox="0 0 24 24"
                      >
                        <path
                          d="M12 8c1.1 0 2-.9 2-2s-.9-2-2-2-2 .9-2 2 .9 2 2 2zm0 2c-1.1 0-2 .9-2 2s.9 2 2 2 2-.9 2-2-.9-2-2-2zm0 6c-1.1 0-2 .9-2 2s.9 2 2 2 2-.9 2-2-.9-2-2-2z"
                        />
                      </svg>
                    </span>
                  </button>
                </div>
              </div>
              <div
                className="MuiCardMedia-root makeStyles-media-212"
                style={
                  Object {
                    "backgroundImage": "url(\\"https://www.motherjones.com/wp-content/uploads/2020/03/trump-coronavirus-3-11-20.jpg?w=990\\")",
                  }
                }
              />
              <div
                className="MuiCardContent-root"
              >
                <p
                  className="MuiTypography-root MuiTypography-body2 MuiTypography-colorTextSecondary"
                >
                  Hoping to get the payroll tax cut approved by both Republicans and Democrats, and please remember, very important for all countries & businesses to know that trade will in no way be affected by the 30-day restriction on travel from Europe. The restriction stops people not goods.
                </p>
              </div>
              <div
                className="MuiCardActions-root"
                style={
                  Object {
                    "backgroundColor": "#05ACF0",
                  }
                }
              >
                <img
                  src="twitter-icon.svg"
                />
              </div>
            </div>
          </div>
        </div>
        <div
          className="MuiGrid-root makeStyles-item-4 MuiGrid-item"
        >
          <div
            className="MuiPaper-root MuiPaper-elevation1"
          >
            <p
              className="MuiTypography-root MuiTypography-body1"
            >
              item 3
            </p>
            <div
              className="MuiPaper-root MuiCard-root makeStyles-root-211 MuiPaper-elevation1 MuiPaper-rounded"
            >
              <div
                className="MuiCardHeader-root"
              >
                <div
                  className="MuiCardHeader-avatar"
                >
                  <div
                    className="MuiAvatar-root MuiAvatar-circle makeStyles-avatar-215"
                  >
                    <img
                      alt="John Smith"
                      className="MuiAvatar-img"
                      src="http://2.bp.blogspot.com/-8ms4E7aH4w8/UMztXOsniqI/AAAAAAAAIW0/qql0GcspDzs/s1600/2298.jpg"
                    />
                  </div>
                </div>
                <div
                  className="MuiCardHeader-content"
                >
                  <span
                    className="MuiTypography-root MuiCardHeader-title MuiTypography-body2 MuiTypography-displayBlock"
                  >
                    What was normal to have in 2010 but not 2020?
                  </span>
                  <span
                    className="MuiTypography-root MuiCardHeader-subheader MuiTypography-body2 MuiTypography-colorTextSecondary MuiTypography-displayBlock"
                  >
                    John Smith - 10 mins ago
                  </span>
                </div>
                <div
                  className="MuiCardHeader-action"
                >
                  <button
                    aria-label="settings"
                    className="MuiButtonBase-root MuiIconButton-root"
                    disabled={false}
                    onBlur={[Function]}
                    onDragLeave={[Function]}
                    onFocus={[Function]}
                    onKeyDown={[Function]}
                    onKeyUp={[Function]}
                    onMouseDown={[Function]}
                    onMouseLeave={[Function]}
                    onMouseUp={[Function]}
                    onTouchEnd={[Function]}
                    onTouchMove={[Function]}
                    onTouchStart={[Function]}
                    tabIndex={0}
                    type="button"
                  >
                    <span
                      className="MuiIconButton-label"
                    >
                      <svg
                        aria-hidden="true"
                        className="MuiSvgIcon-root"
                        focusable="false"
                        role="presentation"
                        viewBox="0 0 24 24"
                      >
                        <path
                          d="M12 8c1.1 0 2-.9 2-2s-.9-2-2-2-2 .9-2 2 .9 2 2 2zm0 2c-1.1 0-2 .9-2 2s.9 2 2 2 2-.9 2-2-.9-2-2-2zm0 6c-1.1 0-2 .9-2 2s.9 2 2 2 2-.9 2-2-.9-2-2-2z"
                        />
                      </svg>
                    </span>
                  </button>
                </div>
              </div>
              <div
                className="MuiCardMedia-root makeStyles-media-212"
                style={
                  Object {
                    "backgroundImage": "url(\\"https://images.techhive.com/images/article/2015/11/old_nokia_phones-100625503-large.jpg\\")",
                  }
                }
              />
              <div
                className="MuiCardContent-root"
              >
                <p
                  className="MuiTypography-root MuiTypography-body2 MuiTypography-colorTextSecondary"
                >
                  Top comment: Cellphone with a physical keyboard.
                </p>
              </div>
              <div
                className="MuiCardActions-root"
                style={
                  Object {
                    "backgroundColor": "#FF4500",
                  }
                }
              >
                <img
                  src="reddit-icon.svg"
                />
              </div>
            </div>
            <div
              className="MuiPaper-root MuiCard-root makeStyles-root-211 MuiPaper-elevation1 MuiPaper-rounded"
            >
              <div
                className="MuiCardHeader-root"
              >
                <div
                  className="MuiCardHeader-avatar"
                >
                  <div
                    className="MuiAvatar-root MuiAvatar-circle makeStyles-avatar-215"
                  >
                    <img
                      alt="Donald Duck"
                      className="MuiAvatar-img"
                      src="http://2.bp.blogspot.com/-8ms4E7aH4w8/UMztXOsniqI/AAAAAAAAIW0/qql0GcspDzs/s1600/2298.jpg"
                    />
                  </div>
                </div>
                <div
                  className="MuiCardHeader-content"
                >
                  <span
                    className="MuiTypography-root MuiCardHeader-title MuiTypography-body2 MuiTypography-displayBlock"
                  >
                    Donald J. Trump
                  </span>
                  <span
                    className="MuiTypography-root MuiCardHeader-subheader MuiTypography-body2 MuiTypography-colorTextSecondary MuiTypography-displayBlock"
                  >
                    Donald Duck - 4 hours ago
                  </span>
                </div>
                <div
                  className="MuiCardHeader-action"
                >
                  <button
                    aria-label="settings"
                    className="MuiButtonBase-root MuiIconButton-root"
                    disabled={false}
                    onBlur={[Function]}
                    onDragLeave={[Function]}
                    onFocus={[Function]}
                    onKeyDown={[Function]}
                    onKeyUp={[Function]}
                    onMouseDown={[Function]}
                    onMouseLeave={[Function]}
                    onMouseUp={[Function]}
                    onTouchEnd={[Function]}
                    onTouchMove={[Function]}
                    onTouchStart={[Function]}
                    tabIndex={0}
                    type="button"
                  >
                    <span
                      className="MuiIconButton-label"
                    >
                      <svg
                        aria-hidden="true"
                        className="MuiSvgIcon-root"
                        focusable="false"
                        role="presentation"
                        viewBox="0 0 24 24"
                      >
                        <path
                          d="M12 8c1.1 0 2-.9 2-2s-.9-2-2-2-2 .9-2 2 .9 2 2 2zm0 2c-1.1 0-2 .9-2 2s.9 2 2 2 2-.9 2-2-.9-2-2-2zm0 6c-1.1 0-2 .9-2 2s.9 2 2 2 2-.9 2-2-.9-2-2-2z"
                        />
                      </svg>
                    </span>
                  </button>
                </div>
              </div>
              <div
                className="MuiCardMedia-root makeStyles-media-212"
                style={
                  Object {
                    "backgroundImage": "url(\\"https://www.motherjones.com/wp-content/uploads/2020/03/trump-coronavirus-3-11-20.jpg?w=990\\")",
                  }
                }
              />
              <div
                className="MuiCardContent-root"
              >
                <p
                  className="MuiTypography-root MuiTypography-body2 MuiTypography-colorTextSecondary"
                >
                  Hoping to get the payroll tax cut approved by both Republicans and Democrats, and please remember, very important for all countries & businesses to know that trade will in no way be affected by the 30-day restriction on travel from Europe. The restriction stops people not goods.
                </p>
              </div>
              <div
                className="MuiCardActions-root"
                style={
                  Object {
                    "backgroundColor": "#05ACF0",
                  }
                }
              >
                <img
                  src="twitter-icon.svg"
                />
              </div>
            </div>
          </div>
        </div>
        <div
          className="MuiGrid-root makeStyles-item-4 MuiGrid-item"
        >
          <div
            className="MuiPaper-root MuiPaper-elevation1"
          >
            <p
              className="MuiTypography-root MuiTypography-body1"
            >
              item 4
            </p>
            <div
              className="MuiPaper-root MuiCard-root makeStyles-root-211 MuiPaper-elevation1 MuiPaper-rounded"
            >
              <div
                className="MuiCardHeader-root"
              >
                <div
                  className="MuiCardHeader-avatar"
                >
                  <div
                    className="MuiAvatar-root MuiAvatar-circle makeStyles-avatar-215"
                  >
                    <img
                      alt="John Smith"
                      className="MuiAvatar-img"
                      src="http://2.bp.blogspot.com/-8ms4E7aH4w8/UMztXOsniqI/AAAAAAAAIW0/qql0GcspDzs/s1600/2298.jpg"
                    />
                  </div>
                </div>
                <div
                  className="MuiCardHeader-content"
                >
                  <span
                    className="MuiTypography-root MuiCardHeader-title MuiTypography-body2 MuiTypography-displayBlock"
                  >
                    What was normal to have in 2010 but not 2020?
                  </span>
                  <span
                    className="MuiTypography-root MuiCardHeader-subheader MuiTypography-body2 MuiTypography-colorTextSecondary MuiTypography-displayBlock"
                  >
                    John Smith - 10 mins ago
                  </span>
                </div>
                <div
                  className="MuiCardHeader-action"
                >
                  <button
                    aria-label="settings"
                    className="MuiButtonBase-root MuiIconButton-root"
                    disabled={false}
                    onBlur={[Function]}
                    onDragLeave={[Function]}
                    onFocus={[Function]}
                    onKeyDown={[Function]}
                    onKeyUp={[Function]}
                    onMouseDown={[Function]}
                    onMouseLeave={[Function]}
                    onMouseUp={[Function]}
                    onTouchEnd={[Function]}
                    onTouchMove={[Function]}
                    onTouchStart={[Function]}
                    tabIndex={0}
                    type="button"
                  >
                    <span
                      className="MuiIconButton-label"
                    >
                      <svg
                        aria-hidden="true"
                        className="MuiSvgIcon-root"
                        focusable="false"
                        role="presentation"
                        viewBox="0 0 24 24"
                      >
                        <path
                          d="M12 8c1.1 0 2-.9 2-2s-.9-2-2-2-2 .9-2 2 .9 2 2 2zm0 2c-1.1 0-2 .9-2 2s.9 2 2 2 2-.9 2-2-.9-2-2-2zm0 6c-1.1 0-2 .9-2 2s.9 2 2 2 2-.9 2-2-.9-2-2-2z"
                        />
                      </svg>
                    </span>
                  </button>
                </div>
              </div>
              <div
                className="MuiCardMedia-root makeStyles-media-212"
                style={
                  Object {
                    "backgroundImage": "url(\\"https://images.techhive.com/images/article/2015/11/old_nokia_phones-100625503-large.jpg\\")",
                  }
                }
              />
              <div
                className="MuiCardContent-root"
              >
                <p
                  className="MuiTypography-root MuiTypography-body2 MuiTypography-colorTextSecondary"
                >
                  Top comment: Cellphone with a physical keyboard.
                </p>
              </div>
              <div
                className="MuiCardActions-root"
                style={
                  Object {
                    "backgroundColor": "#FF4500",
                  }
                }
              >
                <img
                  src="reddit-icon.svg"
                />
              </div>
            </div>
            <div
              className="MuiPaper-root MuiCard-root makeStyles-root-211 MuiPaper-elevation1 MuiPaper-rounded"
            >
              <div
                className="MuiCardHeader-root"
              >
                <div
                  className="MuiCardHeader-avatar"
                >
                  <div
                    className="MuiAvatar-root MuiAvatar-circle makeStyles-avatar-215"
                  >
                    <img
                      alt="Donald Duck"
                      className="MuiAvatar-img"
                      src="http://2.bp.blogspot.com/-8ms4E7aH4w8/UMztXOsniqI/AAAAAAAAIW0/qql0GcspDzs/s1600/2298.jpg"
                    />
                  </div>
                </div>
                <div
                  className="MuiCardHeader-content"
                >
                  <span
                    className="MuiTypography-root MuiCardHeader-title MuiTypography-body2 MuiTypography-displayBlock"
                  >
                    Donald J. Trump
                  </span>
                  <span
                    className="MuiTypography-root MuiCardHeader-subheader MuiTypography-body2 MuiTypography-colorTextSecondary MuiTypography-displayBlock"
                  >
                    Donald Duck - 4 hours ago
                  </span>
                </div>
                <div
                  className="MuiCardHeader-action"
                >
                  <button
                    aria-label="settings"
                    className="MuiButtonBase-root MuiIconButton-root"
                    disabled={false}
                    onBlur={[Function]}
                    onDragLeave={[Function]}
                    onFocus={[Function]}
                    onKeyDown={[Function]}
                    onKeyUp={[Function]}
                    onMouseDown={[Function]}
                    onMouseLeave={[Function]}
                    onMouseUp={[Function]}
                    onTouchEnd={[Function]}
                    onTouchMove={[Function]}
                    onTouchStart={[Function]}
                    tabIndex={0}
                    type="button"
                  >
                    <span
                      className="MuiIconButton-label"
                    >
                      <svg
                        aria-hidden="true"
                        className="MuiSvgIcon-root"
                        focusable="false"
                        role="presentation"
                        viewBox="0 0 24 24"
                      >
                        <path
                          d="M12 8c1.1 0 2-.9 2-2s-.9-2-2-2-2 .9-2 2 .9 2 2 2zm0 2c-1.1 0-2 .9-2 2s.9 2 2 2 2-.9 2-2-.9-2-2-2zm0 6c-1.1 0-2 .9-2 2s.9 2 2 2 2-.9 2-2-.9-2-2-2z"
                        />
                      </svg>
                    </span>
                  </button>
                </div>
              </div>
              <div
                className="MuiCardMedia-root makeStyles-media-212"
                style={
                  Object {
                    "backgroundImage": "url(\\"https://www.motherjones.com/wp-content/uploads/2020/03/trump-coronavirus-3-11-20.jpg?w=990\\")",
                  }
                }
              />
              <div
                className="MuiCardContent-root"
              >
                <p
                  className="MuiTypography-root MuiTypography-body2 MuiTypography-colorTextSecondary"
                >
                  Hoping to get the payroll tax cut approved by both Republicans and Democrats, and please remember, very important for all countries & businesses to know that trade will in no way be affected by the 30-day restriction on travel from Europe. The restriction stops people not goods.
                </p>
              </div>
              <div
                className="MuiCardActions-root"
                style={
                  Object {
                    "backgroundColor": "#05ACF0",
                  }
                }
              >
                <img
                  src="twitter-icon.svg"
                />
              </div>
            </div>
          </div>
        </div>
        <div
          className="MuiGrid-root makeStyles-item-4 MuiGrid-item"
        >
          <div
            className="MuiPaper-root MuiPaper-elevation1"
          >
            <p
              className="MuiTypography-root MuiTypography-body1"
            >
              item 5
            </p>
            <div
              className="MuiPaper-root MuiCard-root makeStyles-root-211 MuiPaper-elevation1 MuiPaper-rounded"
            >
              <div
                className="MuiCardHeader-root"
              >
                <div
                  className="MuiCardHeader-avatar"
                >
                  <div
                    className="MuiAvatar-root MuiAvatar-circle makeStyles-avatar-215"
                  >
                    <img
                      alt="John Smith"
                      className="MuiAvatar-img"
                      src="http://2.bp.blogspot.com/-8ms4E7aH4w8/UMztXOsniqI/AAAAAAAAIW0/qql0GcspDzs/s1600/2298.jpg"
                    />
                  </div>
                </div>
                <div
                  className="MuiCardHeader-content"
                >
                  <span
                    className="MuiTypography-root MuiCardHeader-title MuiTypography-body2 MuiTypography-displayBlock"
                  >
                    What was normal to have in 2010 but not 2020?
                  </span>
                  <span
                    className="MuiTypography-root MuiCardHeader-subheader MuiTypography-body2 MuiTypography-colorTextSecondary MuiTypography-displayBlock"
                  >
                    John Smith - 10 mins ago
                  </span>
                </div>
                <div
                  className="MuiCardHeader-action"
                >
                  <button
                    aria-label="settings"
                    className="MuiButtonBase-root MuiIconButton-root"
                    disabled={false}
                    onBlur={[Function]}
                    onDragLeave={[Function]}
                    onFocus={[Function]}
                    onKeyDown={[Function]}
                    onKeyUp={[Function]}
                    onMouseDown={[Function]}
                    onMouseLeave={[Function]}
                    onMouseUp={[Function]}
                    onTouchEnd={[Function]}
                    onTouchMove={[Function]}
                    onTouchStart={[Function]}
                    tabIndex={0}
                    type="button"
                  >
                    <span
                      className="MuiIconButton-label"
                    >
                      <svg
                        aria-hidden="true"
                        className="MuiSvgIcon-root"
                        focusable="false"
                        role="presentation"
                        viewBox="0 0 24 24"
                      >
                        <path
                          d="M12 8c1.1 0 2-.9 2-2s-.9-2-2-2-2 .9-2 2 .9 2 2 2zm0 2c-1.1 0-2 .9-2 2s.9 2 2 2 2-.9 2-2-.9-2-2-2zm0 6c-1.1 0-2 .9-2 2s.9 2 2 2 2-.9 2-2-.9-2-2-2z"
                        />
                      </svg>
                    </span>
                  </button>
                </div>
              </div>
              <div
                className="MuiCardMedia-root makeStyles-media-212"
                style={
                  Object {
                    "backgroundImage": "url(\\"https://images.techhive.com/images/article/2015/11/old_nokia_phones-100625503-large.jpg\\")",
                  }
                }
              />
              <div
                className="MuiCardContent-root"
              >
                <p
                  className="MuiTypography-root MuiTypography-body2 MuiTypography-colorTextSecondary"
                >
                  Top comment: Cellphone with a physical keyboard.
                </p>
              </div>
              <div
                className="MuiCardActions-root"
                style={
                  Object {
                    "backgroundColor": "#FF4500",
                  }
                }
              >
                <img
                  src="reddit-icon.svg"
                />
              </div>
            </div>
            <div
              className="MuiPaper-root MuiCard-root makeStyles-root-211 MuiPaper-elevation1 MuiPaper-rounded"
            >
              <div
                className="MuiCardHeader-root"
              >
                <div
                  className="MuiCardHeader-avatar"
                >
                  <div
                    className="MuiAvatar-root MuiAvatar-circle makeStyles-avatar-215"
                  >
                    <img
                      alt="Donald Duck"
                      className="MuiAvatar-img"
                      src="http://2.bp.blogspot.com/-8ms4E7aH4w8/UMztXOsniqI/AAAAAAAAIW0/qql0GcspDzs/s1600/2298.jpg"
                    />
                  </div>
                </div>
                <div
                  className="MuiCardHeader-content"
                >
                  <span
                    className="MuiTypography-root MuiCardHeader-title MuiTypography-body2 MuiTypography-displayBlock"
                  >
                    Donald J. Trump
                  </span>
                  <span
                    className="MuiTypography-root MuiCardHeader-subheader MuiTypography-body2 MuiTypography-colorTextSecondary MuiTypography-displayBlock"
                  >
                    Donald Duck - 4 hours ago
                  </span>
                </div>
                <div
                  className="MuiCardHeader-action"
                >
                  <button
                    aria-label="settings"
                    className="MuiButtonBase-root MuiIconButton-root"
                    disabled={false}
                    onBlur={[Function]}
                    onDragLeave={[Function]}
                    onFocus={[Function]}
                    onKeyDown={[Function]}
                    onKeyUp={[Function]}
                    onMouseDown={[Function]}
                    onMouseLeave={[Function]}
                    onMouseUp={[Function]}
                    onTouchEnd={[Function]}
                    onTouchMove={[Function]}
                    onTouchStart={[Function]}
                    tabIndex={0}
                    type="button"
                  >
                    <span
                      className="MuiIconButton-label"
                    >
                      <svg
                        aria-hidden="true"
                        className="MuiSvgIcon-root"
                        focusable="false"
                        role="presentation"
                        viewBox="0 0 24 24"
                      >
                        <path
                          d="M12 8c1.1 0 2-.9 2-2s-.9-2-2-2-2 .9-2 2 .9 2 2 2zm0 2c-1.1 0-2 .9-2 2s.9 2 2 2 2-.9 2-2-.9-2-2-2zm0 6c-1.1 0-2 .9-2 2s.9 2 2 2 2-.9 2-2-.9-2-2-2z"
                        />
                      </svg>
                    </span>
                  </button>
                </div>
              </div>
              <div
                className="MuiCardMedia-root makeStyles-media-212"
                style={
                  Object {
                    "backgroundImage": "url(\\"https://www.motherjones.com/wp-content/uploads/2020/03/trump-coronavirus-3-11-20.jpg?w=990\\")",
                  }
                }
              />
              <div
                className="MuiCardContent-root"
              >
                <p
                  className="MuiTypography-root MuiTypography-body2 MuiTypography-colorTextSecondary"
                >
                  Hoping to get the payroll tax cut approved by both Republicans and Democrats, and please remember, very important for all countries & businesses to know that trade will in no way be affected by the 30-day restriction on travel from Europe. The restriction stops people not goods.
                </p>
              </div>
              <div
                className="MuiCardActions-root"
                style={
                  Object {
                    "backgroundColor": "#05ACF0",
                  }
                }
              >
                <img
                  src="twitter-icon.svg"
                />
              </div>
            </div>
          </div>
        </div>
        <div
          className="MuiGrid-root makeStyles-item-4 MuiGrid-item"
        >
          <div
            className="MuiPaper-root MuiPaper-elevation1"
          >
            <p
              className="MuiTypography-root MuiTypography-body1"
            >
              item 6
            </p>
            <div
              className="MuiPaper-root MuiCard-root makeStyles-root-211 MuiPaper-elevation1 MuiPaper-rounded"
            >
              <div
                className="MuiCardHeader-root"
              >
                <div
                  className="MuiCardHeader-avatar"
                >
                  <div
                    className="MuiAvatar-root MuiAvatar-circle makeStyles-avatar-215"
                  >
                    <img
                      alt="John Smith"
                      className="MuiAvatar-img"
                      src="http://2.bp.blogspot.com/-8ms4E7aH4w8/UMztXOsniqI/AAAAAAAAIW0/qql0GcspDzs/s1600/2298.jpg"
                    />
                  </div>
                </div>
                <div
                  className="MuiCardHeader-content"
                >
                  <span
                    className="MuiTypography-root MuiCardHeader-title MuiTypography-body2 MuiTypography-displayBlock"
                  >
                    What was normal to have in 2010 but not 2020?
                  </span>
                  <span
                    className="MuiTypography-root MuiCardHeader-subheader MuiTypography-body2 MuiTypography-colorTextSecondary MuiTypography-displayBlock"
                  >
                    John Smith - 10 mins ago
                  </span>
                </div>
                <div
                  className="MuiCardHeader-action"
                >
                  <button
                    aria-label="settings"
                    className="MuiButtonBase-root MuiIconButton-root"
                    disabled={false}
                    onBlur={[Function]}
                    onDragLeave={[Function]}
                    onFocus={[Function]}
                    onKeyDown={[Function]}
                    onKeyUp={[Function]}
                    onMouseDown={[Function]}
                    onMouseLeave={[Function]}
                    onMouseUp={[Function]}
                    onTouchEnd={[Function]}
                    onTouchMove={[Function]}
                    onTouchStart={[Function]}
                    tabIndex={0}
                    type="button"
                  >
                    <span
                      className="MuiIconButton-label"
                    >
                      <svg
                        aria-hidden="true"
                        className="MuiSvgIcon-root"
                        focusable="false"
                        role="presentation"
                        viewBox="0 0 24 24"
                      >
                        <path
                          d="M12 8c1.1 0 2-.9 2-2s-.9-2-2-2-2 .9-2 2 .9 2 2 2zm0 2c-1.1 0-2 .9-2 2s.9 2 2 2 2-.9 2-2-.9-2-2-2zm0 6c-1.1 0-2 .9-2 2s.9 2 2 2 2-.9 2-2-.9-2-2-2z"
                        />
                      </svg>
                    </span>
                  </button>
                </div>
              </div>
              <div
                className="MuiCardMedia-root makeStyles-media-212"
                style={
                  Object {
                    "backgroundImage": "url(\\"https://images.techhive.com/images/article/2015/11/old_nokia_phones-100625503-large.jpg\\")",
                  }
                }
              />
              <div
                className="MuiCardContent-root"
              >
                <p
                  className="MuiTypography-root MuiTypography-body2 MuiTypography-colorTextSecondary"
                >
                  Top comment: Cellphone with a physical keyboard.
                </p>
              </div>
              <div
                className="MuiCardActions-root"
                style={
                  Object {
                    "backgroundColor": "#FF4500",
                  }
                }
              >
                <img
                  src="reddit-icon.svg"
                />
              </div>
            </div>
            <div
              className="MuiPaper-root MuiCard-root makeStyles-root-211 MuiPaper-elevation1 MuiPaper-rounded"
            >
              <div
                className="MuiCardHeader-root"
              >
                <div
                  className="MuiCardHeader-avatar"
                >
                  <div
                    className="MuiAvatar-root MuiAvatar-circle makeStyles-avatar-215"
                  >
                    <img
                      alt="Donald Duck"
                      className="MuiAvatar-img"
                      src="http://2.bp.blogspot.com/-8ms4E7aH4w8/UMztXOsniqI/AAAAAAAAIW0/qql0GcspDzs/s1600/2298.jpg"
                    />
                  </div>
                </div>
                <div
                  className="MuiCardHeader-content"
                >
                  <span
                    className="MuiTypography-root MuiCardHeader-title MuiTypography-body2 MuiTypography-displayBlock"
                  >
                    Donald J. Trump
                  </span>
                  <span
                    className="MuiTypography-root MuiCardHeader-subheader MuiTypography-body2 MuiTypography-colorTextSecondary MuiTypography-displayBlock"
                  >
                    Donald Duck - 4 hours ago
                  </span>
                </div>
                <div
                  className="MuiCardHeader-action"
                >
                  <button
                    aria-label="settings"
                    className="MuiButtonBase-root MuiIconButton-root"
                    disabled={false}
                    onBlur={[Function]}
                    onDragLeave={[Function]}
                    onFocus={[Function]}
                    onKeyDown={[Function]}
                    onKeyUp={[Function]}
                    onMouseDown={[Function]}
                    onMouseLeave={[Function]}
                    onMouseUp={[Function]}
                    onTouchEnd={[Function]}
                    onTouchMove={[Function]}
                    onTouchStart={[Function]}
                    tabIndex={0}
                    type="button"
                  >
                    <span
                      className="MuiIconButton-label"
                    >
                      <svg
                        aria-hidden="true"
                        className="MuiSvgIcon-root"
                        focusable="false"
                        role="presentation"
                        viewBox="0 0 24 24"
                      >
                        <path
                          d="M12 8c1.1 0 2-.9 2-2s-.9-2-2-2-2 .9-2 2 .9 2 2 2zm0 2c-1.1 0-2 .9-2 2s.9 2 2 2 2-.9 2-2-.9-2-2-2zm0 6c-1.1 0-2 .9-2 2s.9 2 2 2 2-.9 2-2-.9-2-2-2z"
                        />
                      </svg>
                    </span>
                  </button>
                </div>
              </div>
              <div
                className="MuiCardMedia-root makeStyles-media-212"
                style={
                  Object {
                    "backgroundImage": "url(\\"https://www.motherjones.com/wp-content/uploads/2020/03/trump-coronavirus-3-11-20.jpg?w=990\\")",
                  }
                }
              />
              <div
                className="MuiCardContent-root"
              >
                <p
                  className="MuiTypography-root MuiTypography-body2 MuiTypography-colorTextSecondary"
                >
                  Hoping to get the payroll tax cut approved by both Republicans and Democrats, and please remember, very important for all countries & businesses to know that trade will in no way be affected by the 30-day restriction on travel from Europe. The restriction stops people not goods.
                </p>
              </div>
              <div
                className="MuiCardActions-root"
                style={
                  Object {
                    "backgroundColor": "#05ACF0",
                  }
                }
              >
                <img
                  src="twitter-icon.svg"
                />
              </div>
            </div>
          </div>
        </div>
        <div
          className="MuiGrid-root makeStyles-item-4 MuiGrid-item"
        >
          <div
            className="MuiPaper-root MuiPaper-elevation1"
          >
            <p
              className="MuiTypography-root MuiTypography-body1"
            >
              item 7
            </p>
            <div
              className="MuiPaper-root MuiCard-root makeStyles-root-211 MuiPaper-elevation1 MuiPaper-rounded"
            >
              <div
                className="MuiCardHeader-root"
              >
                <div
                  className="MuiCardHeader-avatar"
                >
                  <div
                    className="MuiAvatar-root MuiAvatar-circle makeStyles-avatar-215"
                  >
                    <img
                      alt="John Smith"
                      className="MuiAvatar-img"
                      src="http://2.bp.blogspot.com/-8ms4E7aH4w8/UMztXOsniqI/AAAAAAAAIW0/qql0GcspDzs/s1600/2298.jpg"
                    />
                  </div>
                </div>
                <div
                  className="MuiCardHeader-content"
                >
                  <span
                    className="MuiTypography-root MuiCardHeader-title MuiTypography-body2 MuiTypography-displayBlock"
                  >
                    What was normal to have in 2010 but not 2020?
                  </span>
                  <span
                    className="MuiTypography-root MuiCardHeader-subheader MuiTypography-body2 MuiTypography-colorTextSecondary MuiTypography-displayBlock"
                  >
                    John Smith - 10 mins ago
                  </span>
                </div>
                <div
                  className="MuiCardHeader-action"
                >
                  <button
                    aria-label="settings"
                    className="MuiButtonBase-root MuiIconButton-root"
                    disabled={false}
                    onBlur={[Function]}
                    onDragLeave={[Function]}
                    onFocus={[Function]}
                    onKeyDown={[Function]}
                    onKeyUp={[Function]}
                    onMouseDown={[Function]}
                    onMouseLeave={[Function]}
                    onMouseUp={[Function]}
                    onTouchEnd={[Function]}
                    onTouchMove={[Function]}
                    onTouchStart={[Function]}
                    tabIndex={0}
                    type="button"
                  >
                    <span
                      className="MuiIconButton-label"
                    >
                      <svg
                        aria-hidden="true"
                        className="MuiSvgIcon-root"
                        focusable="false"
                        role="presentation"
                        viewBox="0 0 24 24"
                      >
                        <path
                          d="M12 8c1.1 0 2-.9 2-2s-.9-2-2-2-2 .9-2 2 .9 2 2 2zm0 2c-1.1 0-2 .9-2 2s.9 2 2 2 2-.9 2-2-.9-2-2-2zm0 6c-1.1 0-2 .9-2 2s.9 2 2 2 2-.9 2-2-.9-2-2-2z"
                        />
                      </svg>
                    </span>
                  </button>
                </div>
              </div>
              <div
                className="MuiCardMedia-root makeStyles-media-212"
                style={
                  Object {
                    "backgroundImage": "url(\\"https://images.techhive.com/images/article/2015/11/old_nokia_phones-100625503-large.jpg\\")",
                  }
                }
              />
              <div
                className="MuiCardContent-root"
              >
                <p
                  className="MuiTypography-root MuiTypography-body2 MuiTypography-colorTextSecondary"
                >
                  Top comment: Cellphone with a physical keyboard.
                </p>
              </div>
              <div
                className="MuiCardActions-root"
                style={
                  Object {
                    "backgroundColor": "#FF4500",
                  }
                }
              >
                <img
                  src="reddit-icon.svg"
                />
              </div>
            </div>
            <div
              className="MuiPaper-root MuiCard-root makeStyles-root-211 MuiPaper-elevation1 MuiPaper-rounded"
            >
              <div
                className="MuiCardHeader-root"
              >
                <div
                  className="MuiCardHeader-avatar"
                >
                  <div
                    className="MuiAvatar-root MuiAvatar-circle makeStyles-avatar-215"
                  >
                    <img
                      alt="Donald Duck"
                      className="MuiAvatar-img"
                      src="http://2.bp.blogspot.com/-8ms4E7aH4w8/UMztXOsniqI/AAAAAAAAIW0/qql0GcspDzs/s1600/2298.jpg"
                    />
                  </div>
                </div>
                <div
                  className="MuiCardHeader-content"
                >
                  <span
                    className="MuiTypography-root MuiCardHeader-title MuiTypography-body2 MuiTypography-displayBlock"
                  >
                    Donald J. Trump
                  </span>
                  <span
                    className="MuiTypography-root MuiCardHeader-subheader MuiTypography-body2 MuiTypography-colorTextSecondary MuiTypography-displayBlock"
                  >
                    Donald Duck - 4 hours ago
                  </span>
                </div>
                <div
                  className="MuiCardHeader-action"
                >
                  <button
                    aria-label="settings"
                    className="MuiButtonBase-root MuiIconButton-root"
                    disabled={false}
                    onBlur={[Function]}
                    onDragLeave={[Function]}
                    onFocus={[Function]}
                    onKeyDown={[Function]}
                    onKeyUp={[Function]}
                    onMouseDown={[Function]}
                    onMouseLeave={[Function]}
                    onMouseUp={[Function]}
                    onTouchEnd={[Function]}
                    onTouchMove={[Function]}
                    onTouchStart={[Function]}
                    tabIndex={0}
                    type="button"
                  >
                    <span
                      className="MuiIconButton-label"
                    >
                      <svg
                        aria-hidden="true"
                        className="MuiSvgIcon-root"
                        focusable="false"
                        role="presentation"
                        viewBox="0 0 24 24"
                      >
                        <path
                          d="M12 8c1.1 0 2-.9 2-2s-.9-2-2-2-2 .9-2 2 .9 2 2 2zm0 2c-1.1 0-2 .9-2 2s.9 2 2 2 2-.9 2-2-.9-2-2-2zm0 6c-1.1 0-2 .9-2 2s.9 2 2 2 2-.9 2-2-.9-2-2-2z"
                        />
                      </svg>
                    </span>
                  </button>
                </div>
              </div>
              <div
                className="MuiCardMedia-root makeStyles-media-212"
                style={
                  Object {
                    "backgroundImage": "url(\\"https://www.motherjones.com/wp-content/uploads/2020/03/trump-coronavirus-3-11-20.jpg?w=990\\")",
                  }
                }
              />
              <div
                className="MuiCardContent-root"
              >
                <p
                  className="MuiTypography-root MuiTypography-body2 MuiTypography-colorTextSecondary"
                >
                  Hoping to get the payroll tax cut approved by both Republicans and Democrats, and please remember, very important for all countries & businesses to know that trade will in no way be affected by the 30-day restriction on travel from Europe. The restriction stops people not goods.
                </p>
              </div>
              <div
                className="MuiCardActions-root"
                style={
                  Object {
                    "backgroundColor": "#05ACF0",
                  }
                }
              >
                <img
                  src="twitter-icon.svg"
                />
              </div>
            </div>
          </div>
        </div>
      </div>
    </div>
  </div>
</div>
`;
